
> Veterinaria@0.0.1 build
> ng build

[33mÔØ»[39m Building...
[32mÔ£ö[39m Building...
[1mInitial chunk files[22m  [2m | [22m[1mNames[22m                 [2m | [22m [1mRaw size[22m[2m | [22m[1mEstimated transfer size[22m
[32mchunk-KMSDMTPR.js[39m    [2m | [22m[2m-[22m                     [2m | [22m[36m354.22 kB[39m[2m | [22m               [36m92.48 kB[39m
[32mchunk-TRCQMEXI.js[39m    [2m | [22m[2m-[22m                     [2m | [22m[36m331.94 kB[39m[2m | [22m               [36m54.50 kB[39m
[32mchunk-IFY3NPIY.js[39m    [2m | [22m[2m-[22m                     [2m | [22m [36m89.90 kB[39m[2m | [22m               [36m12.47 kB[39m
[32mchunk-JVTPOORY.js[39m    [2m | [22m[2m-[22m                     [2m | [22m [36m58.49 kB[39m[2m | [22m               [36m18.95 kB[39m
[32mstyles-2QJBGJSK.css[39m  [2m | [22m[2mstyles[22m                [2m | [22m [36m54.54 kB[39m[2m | [22m                [36m6.69 kB[39m
[32mchunk-NSCG3EHK.js[39m    [2m | [22m[2m-[22m                     [2m | [22m [36m45.60 kB[39m[2m | [22m               [36m14.88 kB[39m
[32mpolyfills-TDCRLYKL.js[39m[2m | [22m[2mpolyfills[22m             [2m | [22m [36m34.65 kB[39m[2m | [22m               [36m11.33 kB[39m
[32mchunk-TFACQXHW.js[39m    [2m | [22m[2m-[22m                     [2m | [22m [36m10.29 kB[39m[2m | [22m                [36m2.66 kB[39m
[32mchunk-CDZFCBFW.js[39m    [2m | [22m[2m-[22m                     [2m | [22m [36m10.25 kB[39m[2m | [22m                [36m2.65 kB[39m
[32mchunk-KRDHHS7Z.js[39m    [2m | [22m[2m-[22m                     [2m | [22m  [36m9.52 kB[39m[2m | [22m                [36m3.56 kB[39m
[32mchunk-XOZ55E4L.js[39m    [2m | [22m[2m-[22m                     [2m | [22m  [36m7.53 kB[39m[2m | [22m                [36m2.60 kB[39m
[32mchunk-KLDPCBT5.js[39m    [2m | [22m[2m-[22m                     [2m | [22m  [36m6.39 kB[39m[2m | [22m                [36m1.83 kB[39m
[32mchunk-M2X7KQLB.js[39m    [2m | [22m[2m-[22m                     [2m | [22m  [36m5.80 kB[39m[2m | [22m                [36m2.14 kB[39m
[32mchunk-HHZ2TKS5.js[39m    [2m | [22m[2m-[22m                     [2m | [22m  [36m5.50 kB[39m[2m | [22m                [36m2.18 kB[39m
[32mmain-2KISFKGV.js[39m     [2m | [22m[2mmain[22m                  [2m | [22m  [36m4.37 kB[39m[2m | [22m                [36m1.67 kB[39m
[32mchunk-PUG6ORHK.js[39m    [2m | [22m[2m-[22m                     [2m | [22m  [36m3.93 kB[39m[2m | [22m                [36m1.49 kB[39m
[32mchunk-BODQI5J4.js[39m    [2m | [22m[2m-[22m                     [2m | [22m  [36m3.67 kB[39m[2m | [22m                [36m1.30 kB[39m
[32mchunk-MTHZ7MWU.js[39m    [2m | [22m[2m-[22m                     [2m | [22m  [36m3.31 kB[39m[2m | [22m                [36m1.49 kB[39m
[32mchunk-MSBGHG7X.js[39m    [2m | [22m[2m-[22m                     [2m | [22m  [36m3.17 kB[39m[2m | [22m                [36m1.26 kB[39m
[32mchunk-WI5MSH4N.js[39m    [2m | [22m[2m-[22m                     [2m | [22m  [36m2.53 kB[39m[2m | [22m              [36m739 bytes[39m
[32mchunk-LRFGNCHE.js[39m    [2m | [22m[2m-[22m                     [2m | [22m  [36m2.40 kB[39m[2m | [22m              [36m922 bytes[39m
[32mchunk-M2QCEZTL.js[39m    [2m | [22m[2m-[22m                     [2m | [22m  [36m2.31 kB[39m[2m | [22m                [36m1.05 kB[39m
[32mchunk-6RFL74JM.js[39m    [2m | [22m[2m-[22m                     [2m | [22m  [36m1.73 kB[39m[2m | [22m              [36m744 bytes[39m
[32mchunk-VGBR4KAO.js[39m    [2m | [22m[2m-[22m                     [2m | [22m  [36m1.52 kB[39m[2m | [22m              [36m667 bytes[39m
[32mchunk-OZYWYLNK.js[39m    [2m | [22m[2m-[22m                     [2m | [22m  [36m1.32 kB[39m[2m | [22m              [36m588 bytes[39m
[32mchunk-DVVH2KKN.js[39m    [2m | [22m[2m-[22m                     [2m | [22m  [36m1.02 kB[39m[2m | [22m                [36m1.02 kB[39m
[32mchunk-VXN3SS5H.js[39m    [2m | [22m[2m-[22m                     [2m | [22m[36m978 bytes[39m[2m | [22m              [36m978 bytes[39m
[32mchunk-CLDSZD2A.js[39m    [2m | [22m[2m-[22m                     [2m | [22m[36m973 bytes[39m[2m | [22m              [36m973 bytes[39m
[32mchunk-M77GNOLD.js[39m    [2m | [22m[2m-[22m                     [2m | [22m[36m969 bytes[39m[2m | [22m              [36m969 bytes[39m
[32mchunk-QUJFQN2Y.js[39m    [2m | [22m[2m-[22m                     [2m | [22m[36m962 bytes[39m[2m | [22m              [36m962 bytes[39m
[32mchunk-E2CLONXR.js[39m    [2m | [22m[2m-[22m                     [2m | [22m[36m936 bytes[39m[2m | [22m              [36m936 bytes[39m
[32mchunk-JHI3MBHO.js[39m    [2m | [22m[2m-[22m                     [2m | [22m[36m928 bytes[39m[2m | [22m              [36m928 bytes[39m
[32mchunk-447CKG3T.js[39m    [2m | [22m[2m-[22m                     [2m | [22m[36m863 bytes[39m[2m | [22m              [36m863 bytes[39m
[32mchunk-7FY2OE2O.js[39m    [2m | [22m[2m-[22m                     [2m | [22m[36m563 bytes[39m[2m | [22m              [36m563 bytes[39m
[32mchunk-NV3QH4JK.js[39m    [2m | [22m[2m-[22m                     [2m | [22m[36m545 bytes[39m[2m | [22m              [36m545 bytes[39m
[32mchunk-NB475LKB.js[39m    [2m | [22m[2m-[22m                     [2m | [22m[36m430 bytes[39m[2m | [22m              [36m430 bytes[39m
[32mchunk-4WFVMWDK.js[39m    [2m | [22m[2m-[22m                     [2m | [22m[36m103 bytes[39m[2m | [22m              [36m103 bytes[39m
[32mchunk-CKP3SGE2.js[39m    [2m | [22m[2m-[22m                     [2m | [22m [36m99 bytes[39m[2m | [22m               [36m99 bytes[39m
[32mchunk-42C7ZIID.js[39m    [2m | [22m[2m-[22m                     [2m | [22m [36m99 bytes[39m[2m | [22m               [36m99 bytes[39m

[1m [22m                    [2m | [22m[1mInitial total[22m         [2m | [22m  [1m1.06 MB[22m[2m | [22m              [1m250.32 kB[22m

[1mLazy chunk files[22m     [2m | [22m[1mNames[22m                 [2m | [22m [1mRaw size[22m[2m | [22m[1mEstimated transfer size[22m
[32mchunk-WB7GGRPW.js[39m    [2m | [22m[2mion-datetime_3-entry[22m  [2m | [22m [36m74.19 kB[39m[2m | [22m               [36m14.39 kB[39m
[32mchunk-6TMVNF5Z.js[39m    [2m | [22m[2mion-item_8-entry[22m      [2m | [22m [36m55.09 kB[39m[2m | [22m                [36m7.18 kB[39m
[32mchunk-4SKFQRDH.js[39m    [2m | [22m[2mion-textarea-entry[22m    [2m | [22m [36m47.19 kB[39m[2m | [22m                [36m5.75 kB[39m
[32mchunk-4ZHGGHY4.js[39m    [2m | [22m[2mclientes-page[22m         [2m | [22m [36m43.98 kB[39m[2m | [22m                [36m8.63 kB[39m
[32mchunk-S4AKWBGY.js[39m    [2m | [22m[2mion-select_3-entry[22m    [2m | [22m [36m43.28 kB[39m[2m | [22m                [36m7.38 kB[39m
[32mchunk-ZAYL4HKI.js[39m    [2m | [22m[2mion-app_8-entry[22m       [2m | [22m [36m41.78 kB[39m[2m | [22m                [36m9.31 kB[39m
[32mchunk-JTREKUBY.js[39m    [2m | [22m[2mion-input-entry[22m       [2m | [22m [36m41.56 kB[39m[2m | [22m                [36m5.83 kB[39m
[32mchunk-B4JHYPBN.js[39m    [2m | [22m[2mion-modal-entry[22m       [2m | [22m [36m37.56 kB[39m[2m | [22m                [36m8.90 kB[39m
[32mchunk-HJU6R6ME.js[39m    [2m | [22m[2mion-alert-entry[22m       [2m | [22m [36m35.32 kB[39m[2m | [22m                [36m6.33 kB[39m
[32mchunk-SMBST5DQ.js[39m    [2m | [22m[2mregistro-page[22m         [2m | [22m [36m29.83 kB[39m[2m | [22m                [36m7.12 kB[39m
[32mchunk-VAEW7YHT.js[39m    [2m | [22m[2mion-segment_2-entry[22m   [2m | [22m [36m29.33 kB[39m[2m | [22m                [36m5.52 kB[39m
[32mchunk-VFFHBOVP.js[39m    [2m | [22m[2mion-range-entry[22m       [2m | [22m [36m28.83 kB[39m[2m | [22m                [36m5.57 kB[39m
[32mchunk-NREXKQ6S.js[39m    [2m | [22m[2mion-button_2-entry[22m    [2m | [22m [36m27.88 kB[39m[2m | [22m                [36m5.54 kB[39m
[32mchunk-WG5DPPU6.js[39m    [2m | [22m[2mion-refresher_2-entry[22m [2m | [22m [36m25.12 kB[39m[2m | [22m                [36m5.21 kB[39m
[32mchunk-6LC6KMOQ.js[39m    [2m | [22m[2mion-action-sheet-entry[22m[2m | [22m [36m24.68 kB[39m[2m | [22m                [36m4.83 kB[39m
[2m...and 81 more lazy chunks files. Use "--verbose" to show all the files.[22m

Application bundle generation failed. [6.100 seconds] - 2026-03-04T01:11:13.023Z

npm : [1m[33m[33mÔû▓ [43;33m[
[43;30mWARNING[43;33m][0m 
[1mThe glob pattern 
import("./**/*.entry.js*") did 
not match any files[0m 
[empty-glob]
En línea: 1 Carácter: 1
+ npm run build > 
build_output.txt 2>&1 ; cat 
build_output.txt
+ ~~~~~~~~~~~~~~~~~~~~~~~~~~~~~~~
~~~~~~
    + CategoryInfo          : No 
   tSpecified: ([1m[33m[33mÔ  
  ...0m [empty-glob]:String) [   
 ], RemoteException
    + FullyQualifiedErrorId : Na 
   tiveCommandError
 

    node_modules/@stencil/core/in
ternal/client/index.js:169:2:
[37m      169 Ôöé   [32m`./${bu
ndleId}.entry.js${BUILD5.hotModul
eReplacement && hmrVers[37m...
          ÔòÁ   [32m~~~~~~~~~~~~
~~~~~~~~~~~~~~~~~~~~~~~~~~~~~~~~~
~~~~~~~~~~~~~~~~~~[0m


[33mÔû▓ [43;33m[[43;30mWARNING
[43;33m][0m [1msrc/app/modulos
/registro/registro.page.scss 
exceeded maximum budget. Budget 
2.00 kB was not met by 3.26 kB 
with a total of 5.26 kB.[0m


[33mÔû▓ [43;33m[[43;30mWARNING
[43;33m][0m 
[1msrc/app/home/home.page.scss 
exceeded maximum budget. Budget 
2.00 kB was not met by 1.63 kB 
with a total of 3.63 kB.[0m


[33mÔû▓ [43;33m[[43;30mWARNING
[43;33m][0m [1msrc/app/modulos
/clientes/datos/clientes.page.scs
s exceeded maximum budget. 
Budget 2.00 kB was not met by 
11.25 kB with a total of 13.25 
kB.[0m

[39m[22m
[1m[31m[31mX [41;31m[[41;97m
ERROR[41;31m][0m [1msrc/app/mo
dulos/registro/registro.page.scss
 exceeded maximum budget. Budget 
4.00 kB was not met by 1.26 kB 
with a total of 5.26 kB.[0m


[31mX [41;31m[[41;97mERROR[41
;31m][0m [1msrc/app/modulos/cli
entes/datos/clientes.page.scss 
exceeded maximum budget. Budget 
4.00 kB was not met by 9.25 kB 
with a total of 13.25 kB.[0m

[39m[22m
